2026-06-24 09:26:55,433 [INFO] New user created: Ali
2026-06-24 09:26:56,675 [INFO] User logged in: Ali
2026-06-24 10:54:40,148 [WARNING] Failed login attempt: aleem khan
2026-06-24 10:54:42,347 [INFO] New user created: aleem khan
2026-06-24 10:54:43,802 [INFO] User logged in: aleem khan
2026-06-24 14:05:57,211 [WARNING] Failed login attempt: ali
2026-06-24 14:05:59,055 [INFO] New user created: ali
2026-06-24 14:06:00,397 [INFO] User logged in: ali
2026-06-24 14:06:42,148 [INFO] User logged in: ali
2026-06-25 15:39:03,989 [WARNING] Failed login attempt: sadan
2026-06-25 15:39:05,470 [INFO] New user created: sadan
2026-06-25 15:39:06,651 [INFO] User logged in: sadan
2026-06-25 15:40:23,291 [INFO] Scan performed by sadan: https://paypal-login.fake-example-test.com -> SAFE
2026-06-25 15:40:35,440 [INFO] Scan performed by sadan: https://paypal-login.fake-example-test.com -> SAFE
2026-06-25 15:40:50,303 [INFO] Scan performed by sadan: https://secure-banking.verify-account.invalid -> SUSPICIOUS
2026-06-25 15:41:15,067 [INFO] Scan performed by sadan: https://google-account-recovery.testing-only.example -> SAFE
2026-06-25 15:41:26,868 [INFO] Scan performed by sadan: https://paypal.com.security-check.invalid -> SAFE
2026-06-25 15:41:38,114 [INFO] Scan performed by sadan: https://appleid.login-alert.test -> SAFE
2026-06-25 15:42:29,058 [INFO] Scan performed by sadan: https://app.com-v1-cloud.net/ -> SAFE
2026-06-25 15:42:57,794 [INFO] Scan performed by sadan: http://app.com-v1-cloud.net -> SAFE
2026-06-25 15:43:12,236 [INFO] Scan performed by sadan: https://run-cache.vercel.app/ -> SAFE
2026-06-25 15:44:12,214 [INFO] Scan performed by sadan: http://eeshanyaconstructions.com/wp-includes/default.php?r=bD1odHRwczo... -> SAFE
2026-06-25 16:09:31,198 [WARNING] Failed login attempt: sadan
2026-06-25 16:09:32,140 [WARNING] Failed login attempt: sadan
2026-06-25 16:09:47,401 [INFO] New user created: walid
2026-06-25 16:09:48,766 [INFO] User logged in: walid
2026-06-25 16:13:19,999 [WARNING] Failed login attempt: soban
2026-06-27 21:15:31,697 [INFO] New user created: Ahmed
2026-06-27 21:15:33,095 [INFO] User logged in: Ahmed
2026-06-27 21:15:47,639 [INFO] Scan performed by Ahmed: https://secure-banking.verify-account.invalid -> SUSPICIOUS
2026-06-27 21:58:43,344 [INFO] User logged in: Ahmed
2026-06-27 21:59:11,294 [INFO] Scan performed by Ahmed: https://one.two.three.four.five.com -> SUSPICIOUS
2026-06-27 21:59:29,770 [INFO] Scan performed by Ahmed: http://secure-login.verify-bank.tk/update-password -> DANGER
2026-06-27 22:33:23,455 [INFO] New user created: Soban
2026-06-27 22:33:24,463 [INFO] User logged in: Soban
2026-06-27 22:33:49,888 [INFO] Scan performed by Soban: https://paypal.secure.login.verify.update.xyz -> DANGER
2026-06-27 22:35:14,082 [INFO] Scan performed by Soban: https://docs.google.com -> SAFE
2026-06-27 22:42:34,379 [INFO] Scan performed by Soban: https://8.8.8.8 -> SUSPICIOUS
